Last login: Tue Jul 16 15:38:30 on ttys003
/Users/matiaszenklusen/Downloads/revbayes-v1.2.3/bin/rb ; exit;                 
matiaszenklusen@Matiass-MacBook-Air ~ % /Users/matiaszenklusen/Downloads/revbayes-v1.2.3/bin/rb ; exit;

RevBayes version (1.2.3)
Build from tags/v1.2.3 (002dc6) on Fri Apr 26 14:13:07 UTC 2024

Visit the website www.RevBayes.com for more information about RevBayes.

RevBayes is free software released under the GPL license, version 3. Type 'license()' for details.

To quit RevBayes type 'quit()' or 'q()'.


> setwd("/Users/matiaszenklusen/Downloads/Phylogenetics analysis")
> setOption("collapseSampledAncestors","false")
> taxa<-readTaxonData("Data/Saber-toothed_cat_taxa.tsv")
   Error:	Line 8 in taxon definition file does not contain 4 elements
> taxa<-readTaxonData("Data/Saber-toothed_cat_taxa.tsv")
> morpho<-readDiscreteCharacterData("Data/Saber-toothed_cat_data.txt")
   Successfully read one character matrix from file 'Data/Saber-toothed_cat_data.txt'
> num_taxa<-morpho.ntaxa()
> num_branches<-2*num_taxa-2
> moves=VectorMoves()
> monitors=VectorMonitors()
> #tree model
> source("exercise-RB03-scripts/scripts/FBD_dating.Rev")
   Processing file "exercise-RB03-scripts/scripts/FBD_dating.Rev"
   Processing of file "exercise-RB03-scripts/scripts/FBD_dating.Rev" completed
> #clock model
> source("exercise-RB03-scripts/scripts/strict_clock_morpho.Rev")
   Processing file "exercise-RB03-scripts/scripts/strict_clock_morpho.Rev"
   Processing of file "exercise-RB03-scripts/scripts/strict_clock_morpho.Rev" completed
> #substitution model
> source("exercise-RB03-scripts/scripts/Mk.Rev")
   Processing file "exercise-RB03-scripts/scripts/Mk.Rev"
   Missing Variable:	Variable branch_rates_morpho does not exist
   Error:	Problem processing line 5 in file "exercise-RB03-scripts/scripts/Mk.Rev"
> source("exercise-RB03-scripts/scripts/Mk.Rev")
   Processing file "exercise-RB03-scripts/scripts/Mk.Rev"
   Missing Variable:	Variable branch_rates does not exist
   Error:	Problem processing line 5 in file "exercise-RB03-scripts/scripts/Mk.Rev"
> source("exercise-RB03-scripts/scripts/Mk.Rev")
   Processing file "exercise-RB03-scripts/scripts/Mk.Rev"
   Error:	The number of observed states (4) is greater than the dimension of the Q matrix (2)
   
   Error:	Problem processing line 8 in file "exercise-RB03-scripts/scripts/Mk.Rev"
> source("exercise-RB03-scripts/scripts/Mk.Rev")
   Processing file "exercise-RB03-scripts/scripts/Mk.Rev"
   Error:	Cannot find taxon 'Nimravides_ssp' in the HomologousDiscreteCharacterData matrix.
   Error:	Problem processing line 8 in file "exercise-RB03-scripts/scripts/Mk.Rev"
> taxa<-readTaxonData("Data/Saber-toothed_cat_taxa.tsv")
> morpho<-readDiscreteCharacterData("Data/Saber-toothed_cat_data.txt")
   Successfully read one character matrix from file 'Data/Saber-toothed_cat_data.txt'
> source("exercise-RB03-scripts/scripts/Mk.Rev")
   Processing file "exercise-RB03-scripts/scripts/Mk.Rev"
   Error:	Cannot find taxon 'Nimravides_ssp' in the HomologousDiscreteCharacterData matrix.
   Error:	Problem processing line 8 in file "exercise-RB03-scripts/scripts/Mk.Rev"
> 
